
=== App start ===

=== App start ===

[REQ] GET /proposal_details/new

=== App start ===

[REQ] GET /proposal_details/new

=== App start ===

=== App start ===

[REQ] GET /proposal_list

=== Uncaught Exception ===
Traceback (most recent call last):
  File "/Users/vernabbott/Library/CloudStorage/OneDrive-Personal/Visual Studio/PCS Proposal Management/.venv/lib/python3.13/site-packages/flask/app.py", line 917, in full_dispatch_request
    rv = self.dispatch_request()
  File "/Users/vernabbott/Library/CloudStorage/OneDrive-Personal/Visual Studio/PCS Proposal Management/.venv/lib/python3.13/site-packages/flask/app.py", line 891, in dispatch_request
    self.raise_routing_exception(req)
    ~~~~~~~~~~~~~~~~~~~~~~~~~~~~^^^^^
  File "/Users/vernabbott/Library/CloudStorage/OneDrive-Personal/Visual Studio/PCS Proposal Management/.venv/lib/python3.13/site-packages/flask/app.py", line 500, in raise_routing_exception
    raise request.routing_exception  # type: ignore[misc]
    ^^^^^^^^^^^^^^^^^^^^^^^^^^^^^^^
  File "/Users/vernabbott/Library/CloudStorage/OneDrive-Personal/Visual Studio/PCS Proposal Management/.venv/lib/python3.13/site-packages/flask/ctx.py", line 362, in match_request
    result = self.url_adapter.match(return_rule=True)  # type: ignore
  File "/Users/vernabbott/Library/CloudStorage/OneDrive-Personal/Visual Studio/PCS Proposal Management/.venv/lib/python3.13/site-packages/werkzeug/routing/map.py", line 629, in match
    raise NotFound() from None
werkzeug.exceptions.NotFound: 404 Not Found: The requested URL was not found on the server. If you entered the URL manually please check your spelling and try again.

[REQ] GET /proposal_list

=== Uncaught Exception ===
Traceback (most recent call last):
  File "/Users/vernabbott/Library/CloudStorage/OneDrive-Personal/Visual Studio/PCS Proposal Management/.venv/lib/python3.13/site-packages/flask/app.py", line 917, in full_dispatch_request
    rv = self.dispatch_request()
  File "/Users/vernabbott/Library/CloudStorage/OneDrive-Personal/Visual Studio/PCS Proposal Management/.venv/lib/python3.13/site-packages/flask/app.py", line 891, in dispatch_request
    self.raise_routing_exception(req)
    ~~~~~~~~~~~~~~~~~~~~~~~~~~~~^^^^^
  File "/Users/vernabbott/Library/CloudStorage/OneDrive-Personal/Visual Studio/PCS Proposal Management/.venv/lib/python3.13/site-packages/flask/app.py", line 500, in raise_routing_exception
    raise request.routing_exception  # type: ignore[misc]
    ^^^^^^^^^^^^^^^^^^^^^^^^^^^^^^^
  File "/Users/vernabbott/Library/CloudStorage/OneDrive-Personal/Visual Studio/PCS Proposal Management/.venv/lib/python3.13/site-packages/flask/ctx.py", line 362, in match_request
    result = self.url_adapter.match(return_rule=True)  # type: ignore
  File "/Users/vernabbott/Library/CloudStorage/OneDrive-Personal/Visual Studio/PCS Proposal Management/.venv/lib/python3.13/site-packages/werkzeug/routing/map.py", line 629, in match
    raise NotFound() from None
werkzeug.exceptions.NotFound: 404 Not Found: The requested URL was not found on the server. If you entered the URL manually please check your spelling and try again.

=== App start ===

[REQ] GET /proposal_list

=== Uncaught Exception ===
Traceback (most recent call last):
  File "/Users/vernabbott/Library/CloudStorage/OneDrive-Personal/Visual Studio/PCS Proposal Management/.venv/lib/python3.13/site-packages/flask/app.py", line 917, in full_dispatch_request
    rv = self.dispatch_request()
  File "/Users/vernabbott/Library/CloudStorage/OneDrive-Personal/Visual Studio/PCS Proposal Management/.venv/lib/python3.13/site-packages/flask/app.py", line 891, in dispatch_request
    self.raise_routing_exception(req)
    ~~~~~~~~~~~~~~~~~~~~~~~~~~~~^^^^^
  File "/Users/vernabbott/Library/CloudStorage/OneDrive-Personal/Visual Studio/PCS Proposal Management/.venv/lib/python3.13/site-packages/flask/app.py", line 500, in raise_routing_exception
    raise request.routing_exception  # type: ignore[misc]
    ^^^^^^^^^^^^^^^^^^^^^^^^^^^^^^^
  File "/Users/vernabbott/Library/CloudStorage/OneDrive-Personal/Visual Studio/PCS Proposal Management/.venv/lib/python3.13/site-packages/flask/ctx.py", line 362, in match_request
    result = self.url_adapter.match(return_rule=True)  # type: ignore
  File "/Users/vernabbott/Library/CloudStorage/OneDrive-Personal/Visual Studio/PCS Proposal Management/.venv/lib/python3.13/site-packages/werkzeug/routing/map.py", line 629, in match
    raise NotFound() from None
werkzeug.exceptions.NotFound: 404 Not Found: The requested URL was not found on the server. If you entered the URL manually please check your spelling and try again.

=== App start ===

[REQ] GET /proposals

[REQ] GET /proposals

=== App start ===

=== App start ===

=== App start ===

[REQ] GET /proposals

[REQ] GET /favicon.ico

=== Uncaught Exception ===
Traceback (most recent call last):
  File "/Users/vernabbott/Library/CloudStorage/OneDrive-Personal/Visual Studio/PCS Proposal Management/.venv/lib/python3.13/site-packages/flask/app.py", line 917, in full_dispatch_request
    rv = self.dispatch_request()
  File "/Users/vernabbott/Library/CloudStorage/OneDrive-Personal/Visual Studio/PCS Proposal Management/.venv/lib/python3.13/site-packages/flask/app.py", line 891, in dispatch_request
    self.raise_routing_exception(req)
    ~~~~~~~~~~~~~~~~~~~~~~~~~~~~^^^^^
  File "/Users/vernabbott/Library/CloudStorage/OneDrive-Personal/Visual Studio/PCS Proposal Management/.venv/lib/python3.13/site-packages/flask/app.py", line 500, in raise_routing_exception
    raise request.routing_exception  # type: ignore[misc]
    ^^^^^^^^^^^^^^^^^^^^^^^^^^^^^^^
  File "/Users/vernabbott/Library/CloudStorage/OneDrive-Personal/Visual Studio/PCS Proposal Management/.venv/lib/python3.13/site-packages/flask/ctx.py", line 362, in match_request
    result = self.url_adapter.match(return_rule=True)  # type: ignore
  File "/Users/vernabbott/Library/CloudStorage/OneDrive-Personal/Visual Studio/PCS Proposal Management/.venv/lib/python3.13/site-packages/werkzeug/routing/map.py", line 629, in match
    raise NotFound() from None
werkzeug.exceptions.NotFound: 404 Not Found: The requested URL was not found on the server. If you entered the URL manually please check your spelling and try again.

[REQ] GET /proposals

[REQ] GET /favicon.ico

=== Uncaught Exception ===
Traceback (most recent call last):
  File "/Users/vernabbott/Library/CloudStorage/OneDrive-Personal/Visual Studio/PCS Proposal Management/.venv/lib/python3.13/site-packages/flask/app.py", line 917, in full_dispatch_request
    rv = self.dispatch_request()
  File "/Users/vernabbott/Library/CloudStorage/OneDrive-Personal/Visual Studio/PCS Proposal Management/.venv/lib/python3.13/site-packages/flask/app.py", line 891, in dispatch_request
    self.raise_routing_exception(req)
    ~~~~~~~~~~~~~~~~~~~~~~~~~~~~^^^^^
  File "/Users/vernabbott/Library/CloudStorage/OneDrive-Personal/Visual Studio/PCS Proposal Management/.venv/lib/python3.13/site-packages/flask/app.py", line 500, in raise_routing_exception
    raise request.routing_exception  # type: ignore[misc]
    ^^^^^^^^^^^^^^^^^^^^^^^^^^^^^^^
  File "/Users/vernabbott/Library/CloudStorage/OneDrive-Personal/Visual Studio/PCS Proposal Management/.venv/lib/python3.13/site-packages/flask/ctx.py", line 362, in match_request
    result = self.url_adapter.match(return_rule=True)  # type: ignore
  File "/Users/vernabbott/Library/CloudStorage/OneDrive-Personal/Visual Studio/PCS Proposal Management/.venv/lib/python3.13/site-packages/werkzeug/routing/map.py", line 629, in match
    raise NotFound() from None
werkzeug.exceptions.NotFound: 404 Not Found: The requested URL was not found on the server. If you entered the URL manually please check your spelling and try again.

=== App start ===

[REQ] GET /proposals

[REQ] GET /proposals

[REQ] GET /proposals

[REQ] GET /favicon.ico

=== Uncaught Exception ===
Traceback (most recent call last):
  File "/Users/vernabbott/Library/CloudStorage/OneDrive-Personal/Visual Studio/PCS Proposal Management/.venv/lib/python3.13/site-packages/flask/app.py", line 917, in full_dispatch_request
    rv = self.dispatch_request()
  File "/Users/vernabbott/Library/CloudStorage/OneDrive-Personal/Visual Studio/PCS Proposal Management/.venv/lib/python3.13/site-packages/flask/app.py", line 891, in dispatch_request
    self.raise_routing_exception(req)
    ~~~~~~~~~~~~~~~~~~~~~~~~~~~~^^^^^
  File "/Users/vernabbott/Library/CloudStorage/OneDrive-Personal/Visual Studio/PCS Proposal Management/.venv/lib/python3.13/site-packages/flask/app.py", line 500, in raise_routing_exception
    raise request.routing_exception  # type: ignore[misc]
    ^^^^^^^^^^^^^^^^^^^^^^^^^^^^^^^
  File "/Users/vernabbott/Library/CloudStorage/OneDrive-Personal/Visual Studio/PCS Proposal Management/.venv/lib/python3.13/site-packages/flask/ctx.py", line 362, in match_request
    result = self.url_adapter.match(return_rule=True)  # type: ignore
  File "/Users/vernabbott/Library/CloudStorage/OneDrive-Personal/Visual Studio/PCS Proposal Management/.venv/lib/python3.13/site-packages/werkzeug/routing/map.py", line 629, in match
    raise NotFound() from None
werkzeug.exceptions.NotFound: 404 Not Found: The requested URL was not found on the server. If you entered the URL manually please check your spelling and try again.

=== App start ===

[REQ] GET /proposals

[REQ] GET /favicon.ico

=== Uncaught Exception ===
Traceback (most recent call last):
  File "/Users/vernabbott/Library/CloudStorage/OneDrive-Personal/Visual Studio/PCS Proposal Management/.venv/lib/python3.13/site-packages/flask/app.py", line 917, in full_dispatch_request
    rv = self.dispatch_request()
  File "/Users/vernabbott/Library/CloudStorage/OneDrive-Personal/Visual Studio/PCS Proposal Management/.venv/lib/python3.13/site-packages/flask/app.py", line 891, in dispatch_request
    self.raise_routing_exception(req)
    ~~~~~~~~~~~~~~~~~~~~~~~~~~~~^^^^^
  File "/Users/vernabbott/Library/CloudStorage/OneDrive-Personal/Visual Studio/PCS Proposal Management/.venv/lib/python3.13/site-packages/flask/app.py", line 500, in raise_routing_exception
    raise request.routing_exception  # type: ignore[misc]
    ^^^^^^^^^^^^^^^^^^^^^^^^^^^^^^^
  File "/Users/vernabbott/Library/CloudStorage/OneDrive-Personal/Visual Studio/PCS Proposal Management/.venv/lib/python3.13/site-packages/flask/ctx.py", line 362, in match_request
    result = self.url_adapter.match(return_rule=True)  # type: ignore
  File "/Users/vernabbott/Library/CloudStorage/OneDrive-Personal/Visual Studio/PCS Proposal Management/.venv/lib/python3.13/site-packages/werkzeug/routing/map.py", line 629, in match
    raise NotFound() from None
werkzeug.exceptions.NotFound: 404 Not Found: The requested URL was not found on the server. If you entered the URL manually please check your spelling and try again.

=== App start ===

[REQ] GET /proposal_details/new

=== App start ===

[REQ] GET /proposal_details/new

[REQ] GET /favicon.ico

=== Uncaught Exception ===
Traceback (most recent call last):
  File "/Users/vernabbott/Library/CloudStorage/OneDrive-Personal/Visual Studio/PCS Proposal Management/.venv/lib/python3.13/site-packages/flask/app.py", line 917, in full_dispatch_request
    rv = self.dispatch_request()
  File "/Users/vernabbott/Library/CloudStorage/OneDrive-Personal/Visual Studio/PCS Proposal Management/.venv/lib/python3.13/site-packages/flask/app.py", line 891, in dispatch_request
    self.raise_routing_exception(req)
    ~~~~~~~~~~~~~~~~~~~~~~~~~~~~^^^^^
  File "/Users/vernabbott/Library/CloudStorage/OneDrive-Personal/Visual Studio/PCS Proposal Management/.venv/lib/python3.13/site-packages/flask/app.py", line 500, in raise_routing_exception
    raise request.routing_exception  # type: ignore[misc]
    ^^^^^^^^^^^^^^^^^^^^^^^^^^^^^^^
  File "/Users/vernabbott/Library/CloudStorage/OneDrive-Personal/Visual Studio/PCS Proposal Management/.venv/lib/python3.13/site-packages/flask/ctx.py", line 362, in match_request
    result = self.url_adapter.match(return_rule=True)  # type: ignore
  File "/Users/vernabbott/Library/CloudStorage/OneDrive-Personal/Visual Studio/PCS Proposal Management/.venv/lib/python3.13/site-packages/werkzeug/routing/map.py", line 629, in match
    raise NotFound() from None
werkzeug.exceptions.NotFound: 404 Not Found: The requested URL was not found on the server. If you entered the URL manually please check your spelling and try again.

[REQ] GET /proposal_details/new

[REQ] GET /favicon.ico

=== Uncaught Exception ===
Traceback (most recent call last):
  File "/Users/vernabbott/Library/CloudStorage/OneDrive-Personal/Visual Studio/PCS Proposal Management/.venv/lib/python3.13/site-packages/flask/app.py", line 917, in full_dispatch_request
    rv = self.dispatch_request()
  File "/Users/vernabbott/Library/CloudStorage/OneDrive-Personal/Visual Studio/PCS Proposal Management/.venv/lib/python3.13/site-packages/flask/app.py", line 891, in dispatch_request
    self.raise_routing_exception(req)
    ~~~~~~~~~~~~~~~~~~~~~~~~~~~~^^^^^
  File "/Users/vernabbott/Library/CloudStorage/OneDrive-Personal/Visual Studio/PCS Proposal Management/.venv/lib/python3.13/site-packages/flask/app.py", line 500, in raise_routing_exception
    raise request.routing_exception  # type: ignore[misc]
    ^^^^^^^^^^^^^^^^^^^^^^^^^^^^^^^
  File "/Users/vernabbott/Library/CloudStorage/OneDrive-Personal/Visual Studio/PCS Proposal Management/.venv/lib/python3.13/site-packages/flask/ctx.py", line 362, in match_request
    result = self.url_adapter.match(return_rule=True)  # type: ignore
  File "/Users/vernabbott/Library/CloudStorage/OneDrive-Personal/Visual Studio/PCS Proposal Management/.venv/lib/python3.13/site-packages/werkzeug/routing/map.py", line 629, in match
    raise NotFound() from None
werkzeug.exceptions.NotFound: 404 Not Found: The requested URL was not found on the server. If you entered the URL manually please check your spelling and try again.

[REQ] GET /proposal_details/new

[REQ] GET /favicon.ico

=== Uncaught Exception ===
Traceback (most recent call last):
  File "/Users/vernabbott/Library/CloudStorage/OneDrive-Personal/Visual Studio/PCS Proposal Management/.venv/lib/python3.13/site-packages/flask/app.py", line 917, in full_dispatch_request
    rv = self.dispatch_request()
  File "/Users/vernabbott/Library/CloudStorage/OneDrive-Personal/Visual Studio/PCS Proposal Management/.venv/lib/python3.13/site-packages/flask/app.py", line 891, in dispatch_request
    self.raise_routing_exception(req)
    ~~~~~~~~~~~~~~~~~~~~~~~~~~~~^^^^^
  File "/Users/vernabbott/Library/CloudStorage/OneDrive-Personal/Visual Studio/PCS Proposal Management/.venv/lib/python3.13/site-packages/flask/app.py", line 500, in raise_routing_exception
    raise request.routing_exception  # type: ignore[misc]
    ^^^^^^^^^^^^^^^^^^^^^^^^^^^^^^^
  File "/Users/vernabbott/Library/CloudStorage/OneDrive-Personal/Visual Studio/PCS Proposal Management/.venv/lib/python3.13/site-packages/flask/ctx.py", line 362, in match_request
    result = self.url_adapter.match(return_rule=True)  # type: ignore
  File "/Users/vernabbott/Library/CloudStorage/OneDrive-Personal/Visual Studio/PCS Proposal Management/.venv/lib/python3.13/site-packages/werkzeug/routing/map.py", line 629, in match
    raise NotFound() from None
werkzeug.exceptions.NotFound: 404 Not Found: The requested URL was not found on the server. If you entered the URL manually please check your spelling and try again.

[REQ] GET /proposal_details/new

[REQ] GET /favicon.ico

=== Uncaught Exception ===
Traceback (most recent call last):
  File "/Users/vernabbott/Library/CloudStorage/OneDrive-Personal/Visual Studio/PCS Proposal Management/.venv/lib/python3.13/site-packages/flask/app.py", line 917, in full_dispatch_request
    rv = self.dispatch_request()
  File "/Users/vernabbott/Library/CloudStorage/OneDrive-Personal/Visual Studio/PCS Proposal Management/.venv/lib/python3.13/site-packages/flask/app.py", line 891, in dispatch_request
    self.raise_routing_exception(req)
    ~~~~~~~~~~~~~~~~~~~~~~~~~~~~^^^^^
  File "/Users/vernabbott/Library/CloudStorage/OneDrive-Personal/Visual Studio/PCS Proposal Management/.venv/lib/python3.13/site-packages/flask/app.py", line 500, in raise_routing_exception
    raise request.routing_exception  # type: ignore[misc]
    ^^^^^^^^^^^^^^^^^^^^^^^^^^^^^^^
  File "/Users/vernabbott/Library/CloudStorage/OneDrive-Personal/Visual Studio/PCS Proposal Management/.venv/lib/python3.13/site-packages/flask/ctx.py", line 362, in match_request
    result = self.url_adapter.match(return_rule=True)  # type: ignore
  File "/Users/vernabbott/Library/CloudStorage/OneDrive-Personal/Visual Studio/PCS Proposal Management/.venv/lib/python3.13/site-packages/werkzeug/routing/map.py", line 629, in match
    raise NotFound() from None
werkzeug.exceptions.NotFound: 404 Not Found: The requested URL was not found on the server. If you entered the URL manually please check your spelling and try again.

=== App start ===

[REQ] GET /proposal_details/new

[REQ] GET /favicon.ico

=== Uncaught Exception ===
Traceback (most recent call last):
  File "/Users/vernabbott/Library/CloudStorage/OneDrive-Personal/Visual Studio/PCS Proposal Management/.venv/lib/python3.13/site-packages/flask/app.py", line 917, in full_dispatch_request
    rv = self.dispatch_request()
  File "/Users/vernabbott/Library/CloudStorage/OneDrive-Personal/Visual Studio/PCS Proposal Management/.venv/lib/python3.13/site-packages/flask/app.py", line 891, in dispatch_request
    self.raise_routing_exception(req)
    ~~~~~~~~~~~~~~~~~~~~~~~~~~~~^^^^^
  File "/Users/vernabbott/Library/CloudStorage/OneDrive-Personal/Visual Studio/PCS Proposal Management/.venv/lib/python3.13/site-packages/flask/app.py", line 500, in raise_routing_exception
    raise request.routing_exception  # type: ignore[misc]
    ^^^^^^^^^^^^^^^^^^^^^^^^^^^^^^^
  File "/Users/vernabbott/Library/CloudStorage/OneDrive-Personal/Visual Studio/PCS Proposal Management/.venv/lib/python3.13/site-packages/flask/ctx.py", line 362, in match_request
    result = self.url_adapter.match(return_rule=True)  # type: ignore
  File "/Users/vernabbott/Library/CloudStorage/OneDrive-Personal/Visual Studio/PCS Proposal Management/.venv/lib/python3.13/site-packages/werkzeug/routing/map.py", line 629, in match
    raise NotFound() from None
werkzeug.exceptions.NotFound: 404 Not Found: The requested URL was not found on the server. If you entered the URL manually please check your spelling and try again.

[REQ] GET /proposal_details/new

[REQ] GET /favicon.ico

=== Uncaught Exception ===
Traceback (most recent call last):
  File "/Users/vernabbott/Library/CloudStorage/OneDrive-Personal/Visual Studio/PCS Proposal Management/.venv/lib/python3.13/site-packages/flask/app.py", line 917, in full_dispatch_request
    rv = self.dispatch_request()
  File "/Users/vernabbott/Library/CloudStorage/OneDrive-Personal/Visual Studio/PCS Proposal Management/.venv/lib/python3.13/site-packages/flask/app.py", line 891, in dispatch_request
    self.raise_routing_exception(req)
    ~~~~~~~~~~~~~~~~~~~~~~~~~~~~^^^^^
  File "/Users/vernabbott/Library/CloudStorage/OneDrive-Personal/Visual Studio/PCS Proposal Management/.venv/lib/python3.13/site-packages/flask/app.py", line 500, in raise_routing_exception
    raise request.routing_exception  # type: ignore[misc]
    ^^^^^^^^^^^^^^^^^^^^^^^^^^^^^^^
  File "/Users/vernabbott/Library/CloudStorage/OneDrive-Personal/Visual Studio/PCS Proposal Management/.venv/lib/python3.13/site-packages/flask/ctx.py", line 362, in match_request
    result = self.url_adapter.match(return_rule=True)  # type: ignore
  File "/Users/vernabbott/Library/CloudStorage/OneDrive-Personal/Visual Studio/PCS Proposal Management/.venv/lib/python3.13/site-packages/werkzeug/routing/map.py", line 629, in match
    raise NotFound() from None
werkzeug.exceptions.NotFound: 404 Not Found: The requested URL was not found on the server. If you entered the URL manually please check your spelling and try again.

=== App start ===

[REQ] GET /proposal_details/new

=== App start ===

[REQ] GET /proposal_details/new

=== App start ===

[REQ] GET /proposal_details/new

=== App start ===

[REQ] GET /proposal_details/new

[REQ] GET /favicon.ico

=== Uncaught Exception ===
Traceback (most recent call last):
  File "/Users/vernabbott/Library/CloudStorage/OneDrive-Personal/Visual Studio/PCS Proposal Management/.venv/lib/python3.13/site-packages/flask/app.py", line 917, in full_dispatch_request
    rv = self.dispatch_request()
  File "/Users/vernabbott/Library/CloudStorage/OneDrive-Personal/Visual Studio/PCS Proposal Management/.venv/lib/python3.13/site-packages/flask/app.py", line 891, in dispatch_request
    self.raise_routing_exception(req)
    ~~~~~~~~~~~~~~~~~~~~~~~~~~~~^^^^^
  File "/Users/vernabbott/Library/CloudStorage/OneDrive-Personal/Visual Studio/PCS Proposal Management/.venv/lib/python3.13/site-packages/flask/app.py", line 500, in raise_routing_exception
    raise request.routing_exception  # type: ignore[misc]
    ^^^^^^^^^^^^^^^^^^^^^^^^^^^^^^^
  File "/Users/vernabbott/Library/CloudStorage/OneDrive-Personal/Visual Studio/PCS Proposal Management/.venv/lib/python3.13/site-packages/flask/ctx.py", line 362, in match_request
    result = self.url_adapter.match(return_rule=True)  # type: ignore
  File "/Users/vernabbott/Library/CloudStorage/OneDrive-Personal/Visual Studio/PCS Proposal Management/.venv/lib/python3.13/site-packages/werkzeug/routing/map.py", line 629, in match
    raise NotFound() from None
werkzeug.exceptions.NotFound: 404 Not Found: The requested URL was not found on the server. If you entered the URL manually please check your spelling and try again.

=== App start ===

[REQ] GET /proposal_details/new
